###############################################################################
#
# IAR ELF Linker V7.20.2.7424/W32 for ARM                 08/May/2017  22:15:04
# Copyright 2007-2014 IAR Systems AB.
#
#    Output file  =  
#        F:\K60\workspace\Camera_recognition\Prj\IAR\DZ10_Debug\Exe\vcan_Kinetis.out
#    Map file     =  
#        F:\K60\workspace\Camera_recognition\Prj\IAR\DZ10_Debug\List\vcan_Kinetis.map
#    Command line =  
#        F:\K60\workspace\Camera_recognition\Prj\IAR\DZ10_Debug\Obj\Car_Control.o
#        F:\K60\workspace\Camera_recognition\Prj\IAR\DZ10_Debug\Obj\ctr_motor.o
#        F:\K60\workspace\Camera_recognition\Prj\IAR\DZ10_Debug\Obj\diskio.o
#        F:\K60\workspace\Camera_recognition\Prj\IAR\DZ10_Debug\Obj\encoder.o
#        F:\K60\workspace\Camera_recognition\Prj\IAR\DZ10_Debug\Obj\ff.o
#        F:\K60\workspace\Camera_recognition\Prj\IAR\DZ10_Debug\Obj\ftoa.o
#        F:\K60\workspace\Camera_recognition\Prj\IAR\DZ10_Debug\Obj\huanxing_chu_bxcx.o
#        F:\K60\workspace\Camera_recognition\Prj\IAR\DZ10_Debug\Obj\huanxing_ru_bxcx.o
#        F:\K60\workspace\Camera_recognition\Prj\IAR\DZ10_Debug\Obj\i_djys.o
#        F:\K60\workspace\Camera_recognition\Prj\IAR\DZ10_Debug\Obj\i_erzhihua.o
#        F:\K60\workspace\Camera_recognition\Prj\IAR\DZ10_Debug\Obj\i_f_edge_cz.o
#        F:\K60\workspace\Camera_recognition\Prj\IAR\DZ10_Debug\Obj\i_f_edge_sp.o
#        F:\K60\workspace\Camera_recognition\Prj\IAR\DZ10_Debug\Obj\i_f_guaidian.o
#        F:\K60\workspace\Camera_recognition\Prj\IAR\DZ10_Debug\Obj\i_huaxian.o
#        F:\K60\workspace\Camera_recognition\Prj\IAR\DZ10_Debug\Obj\i_qiuyuzhi.o
#        F:\K60\workspace\Camera_recognition\Prj\IAR\DZ10_Debug\Obj\lcd_draw_line.o
#        F:\K60\workspace\Camera_recognition\Prj\IAR\DZ10_Debug\Obj\m_djys.o
#        F:\K60\workspace\Camera_recognition\Prj\IAR\DZ10_Debug\Obj\m_suanxielv.o
#        F:\K60\workspace\Camera_recognition\Prj\IAR\DZ10_Debug\Obj\m_zuobiao.o
#        F:\K60\workspace\Camera_recognition\Prj\IAR\DZ10_Debug\Obj\main.o
#        F:\K60\workspace\Camera_recognition\Prj\IAR\DZ10_Debug\Obj\misc.o
#        F:\K60\workspace\Camera_recognition\Prj\IAR\DZ10_Debug\Obj\MK60_adc.o
#        F:\K60\workspace\Camera_recognition\Prj\IAR\DZ10_Debug\Obj\MK60_can.o
#        F:\K60\workspace\Camera_recognition\Prj\IAR\DZ10_Debug\Obj\MK60_conf.o
#        F:\K60\workspace\Camera_recognition\Prj\IAR\DZ10_Debug\Obj\MK60_dac.o
#        F:\K60\workspace\Camera_recognition\Prj\IAR\DZ10_Debug\Obj\MK60_dma.o
#        F:\K60\workspace\Camera_recognition\Prj\IAR\DZ10_Debug\Obj\MK60_DWT.o
#        F:\K60\workspace\Camera_recognition\Prj\IAR\DZ10_Debug\Obj\MK60_flash.o
#        F:\K60\workspace\Camera_recognition\Prj\IAR\DZ10_Debug\Obj\MK60_flexbus.o
#        F:\K60\workspace\Camera_recognition\Prj\IAR\DZ10_Debug\Obj\MK60_ftm.o
#        F:\K60\workspace\Camera_recognition\Prj\IAR\DZ10_Debug\Obj\MK60_gpio.o
#        F:\K60\workspace\Camera_recognition\Prj\IAR\DZ10_Debug\Obj\MK60_i2c.o
#        F:\K60\workspace\Camera_recognition\Prj\IAR\DZ10_Debug\Obj\MK60_it.o
#        F:\K60\workspace\Camera_recognition\Prj\IAR\DZ10_Debug\Obj\MK60_lptmr.o
#        F:\K60\workspace\Camera_recognition\Prj\IAR\DZ10_Debug\Obj\MK60_mcg.o
#        F:\K60\workspace\Camera_recognition\Prj\IAR\DZ10_Debug\Obj\MK60_PIT.o
#        F:\K60\workspace\Camera_recognition\Prj\IAR\DZ10_Debug\Obj\MK60_port.o
#        F:\K60\workspace\Camera_recognition\Prj\IAR\DZ10_Debug\Obj\MK60_rtc.o
#        F:\K60\workspace\Camera_recognition\Prj\IAR\DZ10_Debug\Obj\MK60_sdhc.o
#        F:\K60\workspace\Camera_recognition\Prj\IAR\DZ10_Debug\Obj\MK60_spi.o
#        F:\K60\workspace\Camera_recognition\Prj\IAR\DZ10_Debug\Obj\MK60_SysTick.o
#        F:\K60\workspace\Camera_recognition\Prj\IAR\DZ10_Debug\Obj\MK60_uart.o
#        F:\K60\workspace\Camera_recognition\Prj\IAR\DZ10_Debug\Obj\MK60_usb.o
#        F:\K60\workspace\Camera_recognition\Prj\IAR\DZ10_Debug\Obj\MK60_wdog.o
#        F:\K60\workspace\Camera_recognition\Prj\IAR\DZ10_Debug\Obj\mpu6050.o
#        F:\K60\workspace\Camera_recognition\Prj\IAR\DZ10_Debug\Obj\panduan_sdlx.o
#        F:\K60\workspace\Camera_recognition\Prj\IAR\DZ10_Debug\Obj\pid.o
#        F:\K60\workspace\Camera_recognition\Prj\IAR\DZ10_Debug\Obj\SEEKFREE_MT9V032.o
#        F:\K60\workspace\Camera_recognition\Prj\IAR\DZ10_Debug\Obj\shizi_bxcx.o
#        F:\K60\workspace\Camera_recognition\Prj\IAR\DZ10_Debug\Obj\startup_MK60DZ10.o
#        F:\K60\workspace\Camera_recognition\Prj\IAR\DZ10_Debug\Obj\system_MK60DZ10.o
#        F:\K60\workspace\Camera_recognition\Prj\IAR\DZ10_Debug\Obj\UART_LCD.o
#        F:\K60\workspace\Camera_recognition\Prj\IAR\DZ10_Debug\Obj\USB.o
#        F:\K60\workspace\Camera_recognition\Prj\IAR\DZ10_Debug\Obj\USB_CDC.o
#        F:\K60\workspace\Camera_recognition\Prj\IAR\DZ10_Debug\Obj\VCAN_ASCII.o
#        F:\K60\workspace\Camera_recognition\Prj\IAR\DZ10_Debug\Obj\VCAN_BMP.o
#        F:\K60\workspace\Camera_recognition\Prj\IAR\DZ10_Debug\Obj\VCAN_camera.o
#        F:\K60\workspace\Camera_recognition\Prj\IAR\DZ10_Debug\Obj\VCAN_computer.o
#        F:\K60\workspace\Camera_recognition\Prj\IAR\DZ10_Debug\Obj\vcan_img2sd.o
#        F:\K60\workspace\Camera_recognition\Prj\IAR\DZ10_Debug\Obj\VCAN_key.o
#        F:\K60\workspace\Camera_recognition\Prj\IAR\DZ10_Debug\Obj\VCAN_key_event.o
#        F:\K60\workspace\Camera_recognition\Prj\IAR\DZ10_Debug\Obj\VCAN_LCD.o
#        F:\K60\workspace\Camera_recognition\Prj\IAR\DZ10_Debug\Obj\VCAN_LCD_CH.o
#        F:\K60\workspace\Camera_recognition\Prj\IAR\DZ10_Debug\Obj\VCAN_LCD_ILI9341.o
#        F:\K60\workspace\Camera_recognition\Prj\IAR\DZ10_Debug\Obj\VCAN_LCD_ST7735R.o
#        F:\K60\workspace\Camera_recognition\Prj\IAR\DZ10_Debug\Obj\VCAN_LCD_ST7735S.o
#        F:\K60\workspace\Camera_recognition\Prj\IAR\DZ10_Debug\Obj\VCAN_LED.o
#        F:\K60\workspace\Camera_recognition\Prj\IAR\DZ10_Debug\Obj\VCAN_MMA7455.o
#        F:\K60\workspace\Camera_recognition\Prj\IAR\DZ10_Debug\Obj\VCAN_NRF24L0.o
#        F:\K60\workspace\Camera_recognition\Prj\IAR\DZ10_Debug\Obj\VCAN_NRF24L0_MSG.o
#        F:\K60\workspace\Camera_recognition\Prj\IAR\DZ10_Debug\Obj\VCAN_OV7725_Eagle.o
#        F:\K60\workspace\Camera_recognition\Prj\IAR\DZ10_Debug\Obj\VCAN_OV7725_Wolf.o
#        F:\K60\workspace\Camera_recognition\Prj\IAR\DZ10_Debug\Obj\VCAN_RTC_count.o
#        F:\K60\workspace\Camera_recognition\Prj\IAR\DZ10_Debug\Obj\VCAN_SCCB.o
#        F:\K60\workspace\Camera_recognition\Prj\IAR\DZ10_Debug\Obj\vcan_sd_app.o
#        F:\K60\workspace\Camera_recognition\Prj\IAR\DZ10_Debug\Obj\Vcan_touch.o
#        F:\K60\workspace\Camera_recognition\Prj\IAR\DZ10_Debug\Obj\VCAN_TSL1401.o
#        F:\K60\workspace\Camera_recognition\Prj\IAR\DZ10_Debug\Obj\VCAN_UI_VAR.o
#        F:\K60\workspace\Camera_recognition\Prj\IAR\DZ10_Debug\Obj\vectors.o
#        F:\K60\workspace\Camera_recognition\Prj\IAR\DZ10_Debug\Obj\zd_wd_bxcx.o
#        --redirect _Printf=_PrintfLargeNoMb --redirect _Scanf=_ScanfLargeNoMb
#        -o
#        F:\K60\workspace\Camera_recognition\Prj\IAR\DZ10_Debug\Exe\vcan_Kinetis.out
#        --map
#        F:\K60\workspace\Camera_recognition\Prj\IAR\DZ10_Debug\List\vcan_Kinetis.map
#        --config "F:\K60\workspace\Camera_recognition\Prj\IAR\config
#        files\vcan_ROM_K60N512.icf"
#        F:\K60\workspace\Camera_recognition\Prj\IAR\..\..\Lib\CMSIS\iar_cortexM4l_math.a
#        --entry __iar_program_start --vfe
#
###############################################################################

*******************************************************************************
*** RUNTIME MODEL ATTRIBUTES
***

CppFlavor       = *
__SystemLibrary = DLib


*******************************************************************************
*** PLACEMENT SUMMARY
***

"A1":  place at 0x00000000 { ro section .intvec };
"A2":  place at 0x00000410 { ro section .noinit };
"P1":  place in [from 0x00000000 to 0x00080000] { ro, block CodeRelocate };
"P2":  place in [from 0x1fff0410 to 0x20010000] {
          rw, block CodeRelocateRam, block CSTACK, block HEAP };

  Section              Kind        Address    Size  Object
  -------              ----        -------    ----  ------
"A1":                                        0x410
  .intvec              const    0x00000000   0x410  vectors.o [1]
                              - 0x00000410   0x410

"P1", part 1 of 2:                             0x0
  .rodata              const    0x00000410     0x0  zero_init3.o [5]

"A2":                                          0x8
  .noinit              ro code  0x00000410     0x8  startup_MK60DZ10.o [1]
                              - 0x00000418     0x8

"P1", part 2 of 2:                          0x7b80
  .text                ro code  0x00000418  0x1c2c  VCAN_LCD_ST7735S.o [1]
  .text                ro code  0x00002044   0x1ec  MK60_gpio.o [1]
  .text                ro code  0x00002230    0xb0  MK60_port.o [1]
  .text                ro code  0x000022e0    0x50  MK60_lptmr.o [1]
  Veneer               ro code  0x00002330     0x8  - Linker created -
  Veneer               ro code  0x00002338     0x8  - Linker created -
  .text                ro code  0x00002340   0x140  MK60_conf.o [1]
  .text                ro code  0x00002480    0x70  VCAN_LED.o [1]
  .text                ro code  0x000024f0    0x24  printf.o [3]
  .text                ro code  0x00002514   0x270  MK60_uart.o [1]
  .text                ro code  0x00002784    0x9c  VCAN_key.o [1]
  .text                ro code  0x00002820   0xbee  xprintflarge_nomb.o [3]
  .text                ro code  0x0000340e    0x22  zero_init3.o [5]
  .text                ro code  0x00003430    0x16  strchr.o [5]
  .text                ro code  0x00003448    0x36  strlen.o [5]
  .text                ro code  0x00003480    0x58  memchr.o [5]
  .text                ro code  0x000034d8    0xee  I64DivMod.o [5]
  .text                ro code  0x000035c8    0x76  ABImemcpy_unaligned.o [5]
  .text                ro code  0x0000363e    0x42  xdnorm.o [4]
  .text                ro code  0x00003680    0x2e  DblCmpLe.o [4]
  .text                ro code  0x000036b0   0x1a2  DblMul.o [4]
  .text                ro code  0x00003854   0x246  DblDiv.o [4]
  .text                ro code  0x00003a9c    0x2c  DblToI32.o [4]
  .text                ro code  0x00003ac8    0x30  I32ToDbl.o [4]
  .text                ro code  0x00003af8   0x180  DblSub.o [4]
  .text                ro code  0x00003c78    0x6c  localeconv.o [3]
  .text                ro code  0x00003ce4     0xe  div.o [3]
  .text                ro code  0x00003cf4     0x2  I64DivZer.o [5]
  .text                ro code  0x00003cf8    0xe8  DblAdd.o [4]
  .text                ro code  0x00003de0     0x2  xtls.o [3]
  .data_init                    0x00003de4   0x804  <Block>
    Initializer bytes  ro data  0x00003de4   0x804  <for .data-1>
  .text                ro code  0x000045e8   0x6b0  Car_Control.o [1]
  .text                ro code  0x00004c98   0x120  ctr_motor.o [1]
  .text                ro code  0x00004db8    0x34  encoder.o [1]
  .text                ro code  0x00004dec   0x3c4  mpu6050.o [1]
  .text                ro code  0x000051b0    0x90  DblToFlt.o [4]
  .text                ro code  0x00005240    0x4e  FltToDbl.o [4]
  .text                ro code  0x00005290    0xcc  atan2.o [4]
  .text                ro code  0x0000535c    0xe6  FltSub.o [4]
  .text                ro code  0x00005444    0xd8  FltMul.o [4]
  .text                ro code  0x0000551c    0x44  FltToS32.o [4]
  .text                ro code  0x00005560    0x32  I32ToFlt.o [4]
  .text                ro code  0x00005594    0xfc  FltDiv.o [4]
  .text                ro code  0x00005690    0xd4  pid.o [1]
  .text                ro code  0x00005764    0x84  FltAdd.o [4]
  .text                ro code  0x000057e8    0x24  FltCmpLe.o [4]
  .text                ro code  0x0000580c   0x500  MK60_ftm.o [1]
  .text                ro code  0x00005d0c     0x6  ABImemclr4.o [5]
  .text                ro code  0x00005d12    0x32  xdtest.o [4]
  .rodata              const    0x00005d44    0x44  VCAN_LCD_ST7735S.o [1]
  .text                ro code  0x00005d88   0x1e0  xatan.o [4]
  .text                ro code  0x00005f68    0x32  ABImemset48.o [5]
  .text                ro code  0x00005f9c    0x2e  DblCmpGe.o [4]
  .text                ro code  0x00005fca   0x4d2  i_f_edge_sp.o [1]
  .text                ro code  0x0000649c   0x4cc  panduan_sdlx.o [1]
  .text                ro code  0x00006968    0x2e  m_zuobiao.o [1]
  .text                ro code  0x00006996    0x54  m_suanxielv.o [1]
  .text                ro code  0x000069ec    0x24  FltCmpGe.o [4]
  Veneer               ro code  0x00006a10     0x8  - Linker created -
  .text                ro code  0x00006a18   0x3c8  MK60_mcg.o [1]
  .text                ro code  0x00006de0   0x284  MK60_dma.o [1]
  .text                ro code  0x00007064   0x250  VCAN_LCD.o [1]
  .text                ro code  0x000072b4   0x210  main.o [1]
  .text                ro code  0x000074c4   0x204  SEEKFREE_MT9V032.o [1]
  .text                ro code  0x000076c8    0x50  misc.o [1]
  .text                ro code  0x00007718    0x7c  MK60_PIT.o [1]
  .text                ro code  0x00007794   0x124  i_qiuyuzhi.o [1]
  .text                ro code  0x000078b8    0x4a  i_erzhihua.o [1]
  CodeRelocate                  0x00007904   0x1c8  <Block>
    Initializer bytes  ro data  0x00007904   0x1c8  <for CodeRelocateRam-1>
  .text                ro code  0x00007acc   0x130  system_MK60DZ10.o [1]
  .text                ro code  0x00007bfc    0x40  MK60_wdog.o [1]
  .rodata              const    0x00007c3c    0x3c  MK60_conf.o [1]
  .rodata              const    0x00007c78    0x3c  MK60_flash.o [1]
  .rodata              const    0x00007cb4    0x3c  MK60_gpio.o [1]
  .rodata              const    0x00007cf0    0x3c  MK60_uart.o [1]
  .rodata              const    0x00007d2c    0x38  MK60_dma.o [1]
  .rodata              const    0x00007d64    0x38  MK60_ftm.o [1]
  .rodata              const    0x00007d9c    0x38  MK60_PIT.o [1]
  .rodata              const    0x00007dd4    0x34  misc.o [1]
  .text                ro code  0x00007e08    0x28  data_init.o [5]
  .rodata              const    0x00007e30    0x24  MK60_conf.o [1]
  .iar.init_table      const    0x00007e54    0x10  - Linker created -
  .rodata              const    0x00007e64    0x20  MK60_conf.o [1]
  .text                ro code  0x00007e84    0x1a  cmain.o [5]
  .text                ro code  0x00007e9e     0x4  low_level_init.o [3]
  .text                ro code  0x00007ea2     0x4  exit.o [3]
  .text                ro code  0x00007ea8     0xa  cexit.o [5]
  .text                ro code  0x00007eb4     0xc  XXexit.o [5]
  .text                ro code  0x00007ec0    0x16  xprout.o [3]
  .text                ro code  0x00007ed8     0xc  putchar.o [3]
  .rodata              const    0x00007ee4    0x14  MK60_conf.o [1]
  .text                ro code  0x00007ef8     0xc  cstartup_M.o [5]
  .rodata              const    0x00007f04     0x4  main.o [1]
  .rodata              const    0x00007f08     0x4  main.o [1]
  .rodata              const    0x00007f0c     0x4  VCAN_LCD.o [1]
  Initializer bytes    ro data  0x00007f10    0x88  <for P2 s0>
                              - 0x00007f98  0x7b80

"P2":                                       0x9e48
  .data                         0x1fff0410   0x804  <Block>
    .data-1                     0x1fff0410   0x804  <Init block>
      .data            inited   0x1fff0410     0x1  main.o [1]
      .data            inited   0x1fff0414   0x708  MK60_conf.o [1]
      .data            inited   0x1fff0b1c     0xc  MK60_ftm.o [1]
      .data            inited   0x1fff0b28    0x14  MK60_gpio.o [1]
      .data            inited   0x1fff0b3c    0x44  MK60_mcg.o [1]
      .data            inited   0x1fff0b80     0x4  MK60_mcg.o [1]
      .data            inited   0x1fff0b84    0x14  MK60_port.o [1]
      .data            inited   0x1fff0b98    0x18  MK60_uart.o [1]
      .data            inited   0x1fff0bb0     0x4  pid.o [1]
      .data            inited   0x1fff0bb4     0x4  pid.o [1]
      .data            inited   0x1fff0bb8     0x4  pid.o [1]
      .data            inited   0x1fff0bbc     0x4  pid.o [1]
      .data            inited   0x1fff0bc0     0x4  pid.o [1]
      .data            inited   0x1fff0bc4     0x8  VCAN_key.o [1]
      .data            inited   0x1fff0bcc     0x2  VCAN_LCD_ST7735S.o [1]
      .data            inited   0x1fff0bce     0x2  VCAN_LCD_ST7735S.o [1]
      .data            inited   0x1fff0bd0     0x4  VCAN_LED.o [1]
      .data            inited   0x1fff0bd4    0x40  xfiles.o [3]
  CodeRelocateRam               0x1fff0c14   0x1c8  <Block>
    CodeRelocateRam-1           0x1fff0c14   0x1c8  <Init block>
      Veneer           inited   0x1fff0c14     0x8  - Linker created -
      Veneer           inited   0x1fff0c1c     0x8  - Linker created -
      .textrw          inited   0x1fff0c24   0x168  MK60_flash.o [1]
      .textrw          inited   0x1fff0d8c    0x50  MK60_mcg.o [1]
  .bss                          0x1fff0de0  0x93ef  <Block>
    .bss               zero     0x1fff0de0     0x8  Car_Control.o [1]
    .bss               zero     0x1fff0de8     0x8  Car_Control.o [1]
    .bss               zero     0x1fff0df0    0x10  Car_Control.o [1]
    .bss               zero     0x1fff0e00    0x10  Car_Control.o [1]
    .bss               zero     0x1fff0e10     0x4  Car_Control.o [1]
    .bss               zero     0x1fff0e14     0x4  Car_Control.o [1]
    .bss               zero     0x1fff0e18     0x4  Car_Control.o [1]
    .bss               zero     0x1fff0e1c     0x4  Car_Control.o [1]
    .bss               zero     0x1fff0e20     0x4  Car_Control.o [1]
    .bss               zero     0x1fff0e24     0x4  Car_Control.o [1]
    .bss               zero     0x1fff0e28     0x4  Car_Control.o [1]
    .bss               zero     0x1fff0e2c     0x4  Car_Control.o [1]
    .bss               zero     0x1fff0e30     0x4  Car_Control.o [1]
    .bss               zero     0x1fff0e34     0x4  Car_Control.o [1]
    .bss               zero     0x1fff0e38     0x4  Car_Control.o [1]
    .bss               zero     0x1fff0e3c     0x4  Car_Control.o [1]
    .bss               zero     0x1fff0e40     0x4  Car_Control.o [1]
    .bss               zero     0x1fff0e44     0x4  Car_Control.o [1]
    .bss               zero     0x1fff0e48  0x5820  main.o [1]
    .bss               zero     0x1fff6668  0x3ac0  main.o [1]
    .bss               zero     0x1fffa128     0x4  main.o [1]
    .bss               zero     0x1fffa12c     0xc  MK60_ftm.o [1]
    .bss               zero     0x1fffa138     0x4  panduan_sdlx.o [1]
    .bss               zero     0x1fffa13c     0x4  panduan_sdlx.o [1]
    .bss               zero     0x1fffa140     0x4  panduan_sdlx.o [1]
    .bss               zero     0x1fffa144     0x4  panduan_sdlx.o [1]
    .bss               zero     0x1fffa148     0x4  system_MK60DZ10.o [1]
    .bss               zero     0x1fffa14c     0x4  system_MK60DZ10.o [1]
    .bss               zero     0x1fffa150     0x4  system_MK60DZ10.o [1]
    .bss               zero     0x1fffa154    0x50  xfiles.o [3]
    .bss               zero     0x1fffa1a4     0x2  Car_Control.o [1]
    .bss               zero     0x1fffa1a6     0x2  Car_Control.o [1]
    .bss               zero     0x1fffa1a8     0x2  Car_Control.o [1]
    .bss               zero     0x1fffa1aa     0x2  Car_Control.o [1]
    .bss               zero     0x1fffa1ac     0x2  Car_Control.o [1]
    .bss               zero     0x1fffa1ae     0x2  Car_Control.o [1]
    .bss               zero     0x1fffa1b0     0x2  main.o [1]
    .bss               zero     0x1fffa1b2     0x2  pid.o [1]
    .bss               zero     0x1fffa1b4     0x2  SEEKFREE_MT9V032.o [1]
    .bss               zero     0x1fffa1b6     0x1  Car_Control.o [1]
    .bss               zero     0x1fffa1b7     0x1  Car_Control.o [1]
    .bss               zero     0x1fffa1b8     0x1  main.o [1]
    .bss               zero     0x1fffa1b9     0x1  main.o [1]
    .bss               zero     0x1fffa1ba     0x1  panduan_sdlx.o [1]
    .bss               zero     0x1fffa1bb     0x1  panduan_sdlx.o [1]
    .bss               zero     0x1fffa1bc     0x1  panduan_sdlx.o [1]
    .bss               zero     0x1fffa1bd     0x1  panduan_sdlx.o [1]
    .bss               zero     0x1fffa1be     0x1  panduan_sdlx.o [1]
    .bss               zero     0x1fffa1bf     0x1  panduan_sdlx.o [1]
    .bss               zero     0x1fffa1c0     0x1  panduan_sdlx.o [1]
    .bss               zero     0x1fffa1c1     0x1  panduan_sdlx.o [1]
    .bss               zero     0x1fffa1c2     0x1  panduan_sdlx.o [1]
    .bss               zero     0x1fffa1c3     0x1  panduan_sdlx.o [1]
    .bss               zero     0x1fffa1c4     0x1  panduan_sdlx.o [1]
    .bss               zero     0x1fffa1c5     0x1  panduan_sdlx.o [1]
    .bss               zero     0x1fffa1c6     0x1  panduan_sdlx.o [1]
    .bss               zero     0x1fffa1c7     0x1  panduan_sdlx.o [1]
    .bss               zero     0x1fffa1c8     0x1  panduan_sdlx.o [1]
    .bss               zero     0x1fffa1c9     0x1  panduan_sdlx.o [1]
    .bss               zero     0x1fffa1ca     0x1  panduan_sdlx.o [1]
    .bss               zero     0x1fffa1cb     0x1  panduan_sdlx.o [1]
    .bss               zero     0x1fffa1cc     0x1  panduan_sdlx.o [1]
    .bss               zero     0x1fffa1cd     0x1  SEEKFREE_MT9V032.o [1]
    .bss               zero     0x1fffa1ce     0x1  VCAN_LCD_ST7735S.o [1]
  P2 s0                         0x1fffa1d0    0x88  <Init block>
    __DLIB_PERTHREAD   inited   0x1fffa1d0    0x88  localeconv.o [3]
                              - 0x1fffa258  0x9e48


*******************************************************************************
*** INIT TABLE
***

          Address     Size
          -------     ----
Zero (__iar_zero_init3)
    1 destination range, total size 0x93ef:
          0x1fff0de0  0x93ef



*******************************************************************************
*** MODULE SUMMARY
***

    Module                 ro code  rw code  ro data  rw data
    ------                 -------  -------  -------  -------
F:\K60\workspace\Camera_recognition\Prj\IAR\DZ10_Debug\Obj: [1]
    Car_Control.o            1 712                        118
    MK60_PIT.o                 124                56
    MK60_conf.o                320             1 951    1 800
    MK60_dma.o                 644                56
    MK60_flash.o                        360      420
    MK60_ftm.o               1 280                68       24
    MK60_gpio.o                492                80       20
    MK60_lptmr.o                80
    MK60_mcg.o                 968       80      152       72
    MK60_port.o                176                20       20
    MK60_uart.o                624                84       24
    MK60_wdog.o                 64
    SEEKFREE_MT9V032.o         516                          3
    VCAN_LCD.o                 592                 4
    VCAN_LCD_ST7735S.o       7 212                72        5
    VCAN_LED.o                 112                 4        4
    VCAN_key.o                 156                 8        8
    ctr_motor.o                288
    encoder.o                   52
    i_erzhihua.o                74
    i_f_edge_sp.o            1 234
    i_qiuyuzhi.o               292
    m_suanxielv.o               84
    m_zuobiao.o                 46
    main.o                     528                 9   37 609
    misc.o                      80                52
    mpu6050.o                  964
    panduan_sdlx.o           1 228                         35
    pid.o                      212                20       22
    startup_MK60DZ10.o           8
    system_MK60DZ10.o          304                         12
    vectors.o                                  1 040
    ---------------------------------------------------------
    Total:                  20 466      440    4 096   39 776

command line: [2]
    ---------------------------------------------------------
    Total:

dl7M_tlf.a: [3]
    div.o                       14
    exit.o                       4
    localeconv.o               108               136      136
    low_level_init.o             4
    printf.o                    36
    putchar.o                   12
    xfiles.o                                      64      144
    xprintflarge_nomb.o      3 054
    xprout.o                    22
    xtls.o                       2
    ---------------------------------------------------------
    Total:                   3 256               200      280

m7M_tl.a: [4]
    DblAdd.o                   232
    DblCmpGe.o                  46
    DblCmpLe.o                  46
    DblDiv.o                   582
    DblMul.o                   418
    DblSub.o                   384
    DblToFlt.o                 144
    DblToI32.o                  44
    FltAdd.o                   132
    FltCmpGe.o                  36
    FltCmpLe.o                  36
    FltDiv.o                   252
    FltMul.o                   216
    FltSub.o                   230
    FltToDbl.o                  78
    FltToS32.o                  68
    I32ToDbl.o                  48
    I32ToFlt.o                  50
    atan2.o                    204
    xatan.o                    480
    xdnorm.o                    66
    xdtest.o                    50
    ---------------------------------------------------------
    Total:                   3 842

rt7M_tl.a: [5]
    ABImemclr4.o                 6
    ABImemcpy_unaligned.o      118
    ABImemset48.o               50
    I64DivMod.o                238
    I64DivZer.o                  2
    XXexit.o                    12
    cexit.o                     10
    cmain.o                     26
    cstartup_M.o                12
    data_init.o                 40
    memchr.o                    88
    strchr.o                    22
    strlen.o                    54
    zero_init3.o                34
    ---------------------------------------------------------
    Total:                     712

    Gaps                        32                          3
    Linker created              24       16       32
-------------------------------------------------------------
    Grand Total:            28 332      456    4 328   40 059


*******************************************************************************
*** ENTRY LIST
***

Entry                      Address    Size  Type      Object
-----                      -------    ----  ----      ------
.bss$$Base              0x1fff0de0           --   Gb  - Linker created -
.bss$$Limit             0x1fffa1cf           --   Gb  - Linker created -
.data$$Base             0x1fff0410           --   Gb  - Linker created -
.data$$Limit            0x1fff0c14           --   Gb  - Linker created -
.data_init$$Base        0x00003de4           --   Gb  - Linker created -
.data_init$$Limit       0x000045e8           --   Gb  - Linker created -
?main                   0x00007e85          Code  Gb  cmain.o [5]
ASSERT_FAILED_STR       0x00007e30    0x24  Data  Gb  MK60_conf.o [1]
Angle_PID               0x00005691    0x48  Code  Gb  pid.o [1]
Car_Control             0x0000470d   0x4a4  Code  Gb  Car_Control.o [1]
Car_Control_Init        0x000045ff   0x10e  Code  Gb  Car_Control.o [1]
ChouQu_ErZhi            0x000078b9    0x4a  Code  Gb  i_erzhihua.o [1]
CodeRelocate$$Base      0x00007904           --   Gb  - Linker created -
CodeRelocate$$Limit     0x00007acc           --   Gb  - Linker created -
CodeRelocateRam$$Base   0x1fff0c14           --   Gb  - Linker created -
CodeRelocateRam$$Limit  0x1fff0ddc           --   Gb  - Linker created -
Configure_MPU6050       0x00004fad    0x22  Code  Gb  mpu6050.o [1]
Ctr_Motor_L             0x00004cd5    0x70  Code  Gb  ctr_motor.o [1]
Ctr_Motor_R             0x00004d45    0x70  Code  Gb  ctr_motor.o [1]
DMA0_IRQHandler         0x0000745d    0x14  Code  Gb  main.o [1]
Dir_PID                 0x000056f9    0x4c  Code  Gb  pid.o [1]
EncoderCounter_L        0x1fff0de0     0x8  Data  Gb  Car_Control.o [1]
EncoderCounter_R        0x1fff0de8     0x8  Data  Gb  Car_Control.o [1]
Encoder_Clear           0x00004ddd    0x10  Code  Gb  encoder.o [1]
Encoder_Init            0x00004db9    0x10  Code  Gb  encoder.o [1]
FTMN                    0x1fff0b1c     0xc  Data  Gb  MK60_ftm.o [1]
FTM_port_mux            0x0000580d   0x118  Code  Lc  MK60_ftm.o [1]
GPIOX                   0x1fff0b28    0x14  Data  Gb  MK60_gpio.o [1]
GetData_MPU6050         0x00004fcf    0xf6  Code  Gb  mpu6050.o [1]
Get_Encoder_Left        0x00004dc9     0xa  Code  Gb  encoder.o [1]
Get_Encoder_Right       0x00004dd3     0xa  Code  Gb  encoder.o [1]
I2C_Init                0x00004ded    0x18  Code  Gb  mpu6050.o [1]
I2C_ReceiveByte_Ack     0x00004eb5    0x6c  Code  Gb  mpu6050.o [1]
I2C_ReceiveByte_NoAck   0x00004f21    0x6c  Code  Gb  mpu6050.o [1]
I2C_SendByte            0x00004e2d    0x86  Code  Gb  mpu6050.o [1]
I2C_Start               0x00004e05    0x28  Code  Gb  mpu6050.o [1]
I2C_Stop                0x00004f8d    0x20  Code  Gb  mpu6050.o [1]
Init_Control_Motor      0x00004c99    0x3c  Code  Gb  ctr_motor.o [1]
Init_and_Cali_MPU6050   0x000050c5    0xec  Code  Gb  mpu6050.o [1]
KEY_PTxn                0x1fff0bc4     0x8  Data  Gb  VCAN_key.o [1]
Kd_an                   0x1fff0bb4     0x4  Data  Gb  pid.o [1]
Kd_dir                  0x1fff0bc0     0x4  Data  Gb  pid.o [1]
Kp_an                   0x1fff0bb0     0x4  Data  Gb  pid.o [1]
Kp_dir                  0x1fff0bbc     0x4  Data  Gb  pid.o [1]
Kp_sp                   0x1fff0bb8     0x4  Data  Gb  pid.o [1]
LCD_Img_gray_Z          0x00007161   0x13c  Code  Gb  VCAN_LCD.o [1]
LCD_ST7735S_dir         0x000013d7   0xa0c  Code  Gb  VCAN_LCD_ST7735S.o [1]
LCD_ST7735S_init        0x00000419   0xfbe  Code  Gb  VCAN_LCD_ST7735S.o [1]
LCD_ST7735S_ptlon       0x00001df9   0x21c  Code  Gb  VCAN_LCD_ST7735S.o [1]
LCD_init                0x00007065    0x2c  Code  Gb  VCAN_LCD.o [1]
LCD_rectangle           0x00007091    0xd0  Code  Gb  VCAN_LCD.o [1]
LED_PTxn                0x1fff0bd0     0x4  Data  Gb  VCAN_LED.o [1]
LoadInt                 0x00002d9d    0x6e  Code  Lc  xprintflarge_nomb.o [3]
NVIC_DisableIRQ         0x000045e9    0x16  Code  Lc  Car_Control.o [1]
NVIC_DisableIRQ         0x000074d9    0x14  Code  Lc  SEEKFREE_MT9V032.o [1]
NVIC_EnableIRQ          0x000072d3    0x14  Code  Lc  main.o [1]
NVIC_EnableIRQ          0x000074c5    0x14  Code  Lc  SEEKFREE_MT9V032.o [1]
NVIC_SetPriority        0x000072e7    0x26  Code  Lc  main.o [1]
NVIC_SetPriorityGrouping
                        0x000072b5    0x1e  Code  Lc  main.o [1]
NVIC_SystemReset        0x00002341    0x1a  Code  Lc  MK60_conf.o [1]
OTSU                    0x00007795   0x124  Code  Gb  i_qiuyuzhi.o [1]
Over_Speed_Protect      0x00004bb1    0x3e  Code  Gb  Car_Control.o [1]
PIT0_ISR                0x000073f1    0x40  Code  Gb  main.o [1]
PORTA_IRQHandler        0x00007431    0x2a  Code  Gb  main.o [1]
PORTX                   0x1fff0b84    0x14  Data  Gb  MK60_port.o [1]
Region$$Table$$Base     0x00007e54           --   Gb  - Linker created -
Region$$Table$$Limit    0x00007e64           --   Gb  - Linker created -
Reset_Handler           0x00000411          Code  Gb  startup_MK60DZ10.o [1]
ST7735S_get_h           0x00002015     0x6  Code  Gb  VCAN_LCD_ST7735S.o [1]
ST7735S_get_w           0x0000201b     0x6  Code  Gb  VCAN_LCD_ST7735S.o [1]
Speed_PID               0x000056d9    0x20  Code  Gb  pid.o [1]
UARTN                   0x1fff0b98    0x18  Data  Gb  MK60_uart.o [1]
VSYNC                   0x0000764d    0x16  Code  Gb  SEEKFREE_MT9V032.o [1]
YuZhi                   0x1fffa1b8     0x1  Data  Gb  main.o [1]
_GenldLargeNoMb         0x00003191   0x236  Code  Lc  xprintflarge_nomb.o [3]
_LdtobLargeNoMb         0x00002f11   0x27a  Code  Lc  xprintflarge_nomb.o [3]
_LitobLargeNoMb         0x00002e0b   0x106  Code  Lc  xprintflarge_nomb.o [3]
_Locale_aeabi_lconv     0x1fffa220    0x38  Data  Gb  localeconv.o [3]
_Locale_lconv           0x1fffa1d0    0x50  Data  Gb  localeconv.o [3]
_PrintfLargeNoMb        0x00002821   0x576  Code  Gb  xprintflarge_nomb.o [3]
_Prout                  0x00007ec1    0x16  Code  Gb  xprout.o [3]
_PutcharsLargeNoMb      0x000033c7    0x2e  Code  Lc  xprintflarge_nomb.o [3]
__BOOT_STACK_ADDRESS {Abs}
                        0x2000fff8           --   Gb  command line/config [2]
__VECTOR_RAM {Abs}      0x1fff0000           --   Gb  command line/config [2]
__VECTOR_TABLE {Abs}    0x00000000           --   Gb  command line/config [2]
__aeabi_cdcmple         0x00003681          Code  Gb  DblCmpLe.o [4]
__aeabi_cdrcmple        0x00005f9d          Code  Gb  DblCmpGe.o [4]
__aeabi_cfcmple         0x000057e9          Code  Gb  FltCmpLe.o [4]
__aeabi_cfrcmple        0x000069ed          Code  Gb  FltCmpGe.o [4]
__aeabi_d2f             0x000051b1          Code  Gb  DblToFlt.o [4]
__aeabi_d2uiz           0x00003a9d          Code  Gb  DblToI32.o [4]
__aeabi_dadd            0x00003cf9          Code  Gb  DblAdd.o [4]
__aeabi_ddiv            0x00003855          Code  Gb  DblDiv.o [4]
__aeabi_dmul            0x000036b1          Code  Gb  DblMul.o [4]
__aeabi_dsub            0x00003af9          Code  Gb  DblSub.o [4]
__aeabi_f2d             0x00005241          Code  Gb  FltToDbl.o [4]
__aeabi_f2iz            0x0000551d          Code  Gb  FltToS32.o [4]
__aeabi_fadd            0x00005765          Code  Gb  FltAdd.o [4]
__aeabi_fdiv            0x00005595          Code  Gb  FltDiv.o [4]
__aeabi_fmul            0x00005445          Code  Gb  FltMul.o [4]
__aeabi_fsub            0x0000535d          Code  Gb  FltSub.o [4]
__aeabi_i2d             0x00003ac9          Code  Gb  I32ToDbl.o [4]
__aeabi_i2f             0x00005561          Code  Gb  I32ToFlt.o [4]
__aeabi_ldiv0           0x00003cf5          Code  Gb  I64DivZer.o [5]
__aeabi_memclr4         0x00005d0d          Code  Gb  ABImemclr4.o [5]
__aeabi_ui2d            0x00003add          Code  Gb  I32ToDbl.o [4]
__aeabi_ui2f            0x00005575          Code  Gb  I32ToFlt.o [4]
__aeabi_uldivmod        0x000034d9          Code  Gb  I64DivMod.o [5]
__as_entries_start      0xffffffff           --   Gb  command line/config [2]
__as_table_start        0xffffffff           --   Gb  command line/config [2]
__cmain                 0x00007e85          Code  Gb  cmain.o [5]
__code_start__ {Abs}    0x00000410           --   Gb  command line/config [2]
__exit                  0x00007eb5          Code  Gb  XXexit.o [5]
__iar_Atan              0x00005d89   0x148  Code  Gb  xatan.o [4]
__iar_Dnorm             0x0000363f    0x42  Code  Gb  xdnorm.o [4]
__iar_Dtest             0x00005d13    0x32  Code  Gb  xdtest.o [4]
__iar_Locale_lconv_init
                        0x00003c79    0x3a  Code  Gb  localeconv.o [3]
__iar_Memchr            0x00003481          Code  Gb  memchr.o [5]
__iar_Memset4_word      0x00005f69          Code  Gb  ABImemset48.o [5]
__iar_Memset8_word      0x00005f69          Code  Gb  ABImemset48.o [5]
__iar_Stdout            0x1fff0bd4    0x40  Data  Gb  xfiles.o [3]
__iar_Strchr            0x00003431          Code  Gb  strchr.o [5]
__iar_d2uiz             0x00003aa9          Code  Gb  DblToI32.o [4]
__iar_dadd              0x00003d0d          Code  Gb  DblAdd.o [4]
__iar_data_init3        0x00007e09    0x28  Code  Gb  data_init.o [5]
__iar_dlib_perthread_access
                        0x00003de1     0x2  Code  Gb  xtls.o [3]
__iar_dsub              0x00003b0d          Code  Gb  DblSub.o [4]
__iar_dsubStart         0x00003b1f          Code  Gb  DblSub.o [4]
__iar_fadd              0x00005775          Code  Gb  FltAdd.o [4]
__iar_fsub              0x0000536d          Code  Gb  FltSub.o [4]
__iar_fsubStart         0x0000537d          Code  Gb  FltSub.o [4]
__iar_program_start     0x00007ef9          Code  Gb  cstartup_M.o [5]
__iar_ui2d              0x00003ae1          Code  Gb  I32ToDbl.o [4]
__iar_ui2f              0x00005579          Code  Gb  I32ToFlt.o [4]
__iar_unaligned___aeabi_memcpy
                        0x000035c9          Code  Gb  ABImemcpy_unaligned.o [5]
__iar_unaligned___aeabi_memcpy4
                        0x000035e9          Code  Gb  ABImemcpy_unaligned.o [5]
__iar_unaligned___aeabi_memcpy8
                        0x000035e9          Code  Gb  ABImemcpy_unaligned.o [5]
__iar_zero_init3        0x0000340f    0x22  Code  Gb  zero_init3.o [5]
__low_level_init        0x00007e9f     0x4  Code  Gb  low_level_init.o [3]
__vector_table          0x00000000   0x410  Data  Gb  vectors.o [1]
_call_main              0x00007e91          Code  Gb  cmain.o [5]
_exit                   0x00007ea9          Code  Gb  cexit.o [5]
_main                   0x00007e9b          Code  Gb  cmain.o [5]
a                       0x00005f28    0x40  Data  Lc  xatan.o [4]
acc_x                   0x1fff0e10     0x4  Data  Gb  Car_Control.o [1]
acc_x_init              0x1fff0e1c     0x4  Data  Gb  Car_Control.o [1]
acc_z                   0x1fff0e14     0x4  Data  Gb  Car_Control.o [1]
acc_z_init              0x1fff0e20     0x4  Data  Gb  Car_Control.o [1]
angle_acc               0x1fff0e28     0x4  Data  Gb  Car_Control.o [1]
angle_clhd              0x1fff0e34     0x4  Data  Gb  Car_Control.o [1]
angle_gyr               0x1fff0e2c     0x4  Data  Gb  Car_Control.o [1]
angle_yjhb              0x1fff0e30     0x4  Data  Gb  Car_Control.o [1]
assert_failed           0x0000235b    0x26  Code  Gb  MK60_conf.o [1]
atan2                   0x00005291    0xcc  Code  Gb  atan2.o [4]
bus_clk_khz             0x1fffa150     0x4  Data  Gb  system_MK60DZ10.o [1]
calcu_slope             0x00006997    0x54  Code  Gb  m_suanxielv.o [1]
car_speed               0x1fffa128     0x4  Data  Gb  main.o [1]
common_startup          0x00007b2b    0x98  Code  Gb  system_MK60DZ10.o [1]
core_clk_khz            0x1fffa148     0x4  Data  Gb  system_MK60DZ10.o [1]
core_clk_mhz            0x1fffa14c     0x4  Data  Gb  system_MK60DZ10.o [1]
covert_zb               0x00006977    0x20  Code  Gb  m_zuobiao.o [1]
default_isr             0x0000242f    0x30  Code  Gb  MK60_conf.o [1]
div                     0x00003ce5     0xe  Code  Gb  div.o [3]
dma_gpio_input_init     0x00006de1    0x5c  Code  Lc  MK60_dma.o [1]
dma_portx2buff_init     0x00006e3d   0x1f4  Code  Gb  MK60_dma.o [1]
dma_repeat              0x000074ed    0x5e  Code  Lc  SEEKFREE_MT9V032.o [1]
exit                    0x00007ea3     0x4  Code  Gb  exit.o [3]
f_Sedge_sp_cmd          0x000061bf   0x144  Code  Gb  i_f_edge_sp.o [1]
f_Xedge_sp_cmd          0x00006303   0x142  Code  Gb  i_f_edge_sp.o [1]
f__edge_sp_czj          0x00005fcb    0xe6  Code  Gb  i_f_edge_sp.o [1]
f__edge_sp_czj_plus     0x000060b1   0x10e  Code  Gb  i_f_edge_sp.o [1]
f__midline              0x00006445    0x58  Code  Gb  i_f_edge_sp.o [1]
f_l_1                   0x1fffa1be     0x1  Data  Gb  panduan_sdlx.o [1]
f_l_2                   0x1fffa1c2     0x1  Data  Gb  panduan_sdlx.o [1]
f_l_3                   0x1fffa1c6     0x1  Data  Gb  panduan_sdlx.o [1]
f_l_end                 0x1fffa1ba     0x1  Data  Gb  panduan_sdlx.o [1]
f_r_1                   0x1fffa1c0     0x1  Data  Gb  panduan_sdlx.o [1]
f_r_2                   0x1fffa1c4     0x1  Data  Gb  panduan_sdlx.o [1]
f_r_3                   0x1fffa1c8     0x1  Data  Gb  panduan_sdlx.o [1]
f_r_end                 0x1fffa1bc     0x1  Data  Gb  panduan_sdlx.o [1]
flash_cmd               0x1fff0c25    0x20  Code  Gb  MK60_flash.o [1]
flash_erase_sector      0x1fff0c75    0x58  Code  Gb  MK60_flash.o [1]
flash_init              0x1fff0c45    0x30  Code  Gb  MK60_flash.o [1]
flash_write             0x1fff0ccd    0x8e  Code  Gb  MK60_flash.o [1]
fputc                   0x00002381    0x14  Code  Gb  MK60_conf.o [1]
ftm_mod                 0x1fffa12c     0xc  Data  Lc  MK60_ftm.o [1]
ftm_pwm_duty            0x00005ab1    0xe8  Code  Gb  MK60_ftm.o [1]
ftm_pwm_init            0x00005925   0x18c  Code  Gb  MK60_ftm.o [1]
ftm_quad_clean          0x00005ccb    0x28  Code  Gb  MK60_ftm.o [1]
ftm_quad_get            0x00005c9f    0x2c  Code  Gb  MK60_ftm.o [1]
ftm_quad_init           0x00005b99   0x106  Code  Gb  MK60_ftm.o [1]
gpio_ddr                0x000020f3    0x52  Code  Gb  MK60_gpio.o [1]
gpio_get                0x000021ef    0x3a  Code  Gb  MK60_gpio.o [1]
gpio_init               0x00002045    0xae  Code  Gb  MK60_gpio.o [1]
gpio_set                0x00002145    0x72  Code  Gb  MK60_gpio.o [1]
gpio_turn               0x000021b7    0x38  Code  Gb  MK60_gpio.o [1]
gyr_y                   0x1fff0e18     0x4  Data  Gb  Car_Control.o [1]
gyr_y_cali              0x1fff0e24     0x4  Data  Gb  Car_Control.o [1]
huanxing_shizi          0x000067c1   0x1a8  Code  Gb  panduan_sdlx.o [1]
image_binarized         0x1fff6668  0x3ac0  Data  Gb  main.o [1]
image_gray              0x1fff0e48  0x5820  Data  Gb  main.o [1]
key_check               0x000027f1    0x2a  Code  Gb  VCAN_key.o [1]
key_get                 0x000027d7    0x1a  Code  Gb  VCAN_key.o [1]
key_init                0x00002785    0x52  Code  Gb  VCAN_key.o [1]
l_end_img               0x1fffa138     0x4  Data  Gb  panduan_sdlx.o [1]
l_end_last_img          0x1fffa140     0x4  Data  Gb  panduan_sdlx.o [1]
led_init                0x00002481    0x3a  Code  Gb  VCAN_LED.o [1]
led_turn                0x000024bb    0x32  Code  Gb  VCAN_LED.o [1]
left_1                  0x1fffa1bf     0x1  Data  Gb  panduan_sdlx.o [1]
left_2                  0x1fffa1c3     0x1  Data  Gb  panduan_sdlx.o [1]
left_3                  0x1fffa1c7     0x1  Data  Gb  panduan_sdlx.o [1]
left_end                0x1fffa1bb     0x1  Data  Gb  panduan_sdlx.o [1]
localeconv              0x00003cb3    0x16  Code  Gb  localeconv.o [3]
lptmr_delay_ms          0x000022e1    0x40  Code  Gb  MK60_lptmr.o [1]
main                    0x0000730d    0xe4  Code  Gb  main.o [1]
mcg_cfg                 0x1fff0b3c    0x44  Data  Gb  MK60_mcg.o [1]
mcg_div                 0x1fff0b80     0x4  Data  Gb  MK60_mcg.o [1]
mcg_div_count           0x00006a19   0x2fa  Code  Gb  MK60_mcg.o [1]
memchr                  0x00003481          Code  Gb  memchr.o [5]
midline_flag            0x1fffa1b9     0x1  Data  Gb  main.o [1]
midline_value           0x1fff0410     0x1  Data  Gb  main.o [1]
mpu6050_buf             0x1fff0e00    0x10  Data  Gb  Car_Control.o [1]
mpu6050_init_cali       0x1fff0df0    0x10  Data  Gb  Car_Control.o [1]
mt9v032_camera_init     0x0000754b   0x102  Code  Gb  SEEKFREE_MT9V032.o [1]
mt9v032_finish_flag     0x1fffa1cd     0x1  Data  Gb  SEEKFREE_MT9V032.o [1]
now_row                 0x1fffa1b4     0x2  Data  Gb  SEEKFREE_MT9V032.o [1]
obuf                    0x1fffa154    0x50  Data  Lc  xfiles.o [3]
pdsdlx                  0x0000649d   0x2c6  Code  Gb  panduan_sdlx.o [1]
pit_init                0x00007719    0x6c  Code  Gb  MK60_PIT.o [1]
pll_init                0x00006d13    0xb2  Code  Gb  MK60_mcg.o [1]
port_init               0x00002231    0x44  Code  Gb  MK60_port.o [1]
port_init_NoALT         0x00002275    0x62  Code  Gb  MK60_port.o [1]
printf                  0x000024f1    0x24  Code  Gb  printf.o [3]
putchar                 0x00007ed9     0xc  Code  Gb  putchar.o [3]
pwm_common              0x1fffa1a4     0x2  Data  Gb  Car_Control.o [1]
pwm_dir                 0x1fffa1a6     0x2  Data  Gb  Car_Control.o [1]
pwm_speed_delta         0x1fffa1ac     0x2  Data  Gb  Car_Control.o [1]
pwm_speed_last          0x1fffa1a8     0x2  Data  Gb  Car_Control.o [1]
pwm_speed_now           0x1fffa1aa     0x2  Data  Gb  Car_Control.o [1]
pwm_speed_used          0x1fffa1ae     0x2  Data  Gb  Car_Control.o [1]
r_end_img               0x1fffa13c     0x4  Data  Gb  panduan_sdlx.o [1]
r_end_last_img          0x1fffa144     0x4  Data  Gb  panduan_sdlx.o [1]
right_1                 0x1fffa1c1     0x1  Data  Gb  panduan_sdlx.o [1]
right_2                 0x1fffa1c5     0x1  Data  Gb  panduan_sdlx.o [1]
right_3                 0x1fffa1c9     0x1  Data  Gb  panduan_sdlx.o [1]
right_end               0x1fffa1bd     0x1  Data  Gb  panduan_sdlx.o [1]
row_finished            0x00007663    0x3a  Code  Gb  SEEKFREE_MT9V032.o [1]
set_sys_dividers        0x1fff0d8d    0x50  Code  Gb  MK60_mcg.o [1]
set_vector_handler      0x000076eb    0x22  Code  Gb  misc.o [1]
speed_average           0x1fff0e40     0x4  Data  Gb  Car_Control.o [1]
speed_average_last      0x1fff0e44     0x4  Data  Gb  Car_Control.o [1]
speed_left              0x1fff0e38     0x4  Data  Gb  Car_Control.o [1]
speed_right             0x1fff0e3c     0x4  Data  Gb  Car_Control.o [1]
st7735s_dir             0x1fffa1ce     0x1  Data  Gb  VCAN_LCD_ST7735S.o [1]
st7735s_h               0x1fff0bcc     0x2  Data  Gb  VCAN_LCD_ST7735S.o [1]
st7735s_w               0x1fff0bce     0x2  Data  Gb  VCAN_LCD_ST7735S.o [1]
start                   0x00007acd    0x22  Code  Gb  system_MK60DZ10.o [1]
start_check             0x00002395    0x9a  Code  Gb  MK60_conf.o [1]
strchr                  0x00003431          Code  Gb  strchr.o [5]
strlen                  0x00003449          Code  Gb  strlen.o [5]
sysinit                 0x00007aef    0x3c  Code  Gb  system_MK60DZ10.o [1]
uart_init               0x00002515   0x218  Code  Gb  MK60_uart.o [1]
uart_putbuff            0x00002747    0x24  Code  Gb  MK60_uart.o [1]
uart_putchar            0x0000272d    0x1a  Code  Gb  MK60_uart.o [1]
vector_str              0x1fff0414   0x708  Data  Gb  MK60_conf.o [1]
wdog_disable            0x00007bfd    0x16  Code  Gb  MK60_wdog.o [1]
wdog_unlock             0x00007c13    0x20  Code  Lc  MK60_wdog.o [1]
write_vtor              0x000076c9    0x22  Code  Gb  misc.o [1]
x_frm_j                 0x00006969     0x6  Code  Gb  m_zuobiao.o [1]
y_frm_i                 0x0000696f     0x8  Code  Gb  m_zuobiao.o [1]


[1] = F:\K60\workspace\Camera_recognition\Prj\IAR\DZ10_Debug\Obj
[2] = command line
[3] = dl7M_tlf.a
[4] = m7M_tl.a
[5] = rt7M_tl.a

  28 332 bytes of readonly  code memory
     456 bytes of readwrite code memory
   4 328 bytes of readonly  data memory
  40 059 bytes of readwrite data memory

Errors: none
Warnings: none
